Info:  Net i:/WORK/ALU_DW_div_uns_0/remainder[7] is undriven.
Info:  Net i:/WORK/ALU_DW_div_uns_0/remainder[6] is undriven.
Info:  Net i:/WORK/ALU_DW_div_uns_0/remainder[5] is undriven.
Info:  Net i:/WORK/ALU_DW_div_uns_0/remainder[4] is undriven.
Info:  Net i:/WORK/ALU_DW_div_uns_0/remainder[3] is undriven.
Info:  Net i:/WORK/ALU_DW_div_uns_0/remainder[2] is undriven.
Info:  Net i:/WORK/ALU_DW_div_uns_0/remainder[1] is undriven.
Info:  Net i:/WORK/ALU_DW_div_uns_0/remainder[0] is undriven.
Info:  Net i:/WORK/ALU_DW_div_uns_0/divide_by_0 is undriven.
Info:  Net i:/WORK/ALU_DW01_sub_0/CO is undriven.
Info:  Net i:/WORK/ALU_DW01_add_0/CO is undriven.
Info:  Net i:/WORK/ALU_DW01_add_1/CO is undriven.
Info:  Net i:/WORK/ClkDiv_0_DW01_sub_0/CO is undriven.
Info:  Net i:/WORK/ClkDiv_1_DW01_sub_0/CO is undriven.
Info:  guide_uniquify 82 (Line: 614)  Cannot find object "TX_ClkDiv/U12" in design 'SYS_TOP'.
Info:  SVF Operation 82 (Line: 614) - uniquify.  Status: rejected
Info:  guide_uniquify 82 (Line: 614)  Cannot find object "RX_ClkDiv/U12" in design 'SYS_TOP'.
Info:  guide_uniquify 96 (Line: 725)  Cannot find object "U_ALU/dp_cluster_0/mult_55" in design 'SYS_TOP'.
Info:  Pre-verification of r:/WORK/ALU/div_62 SUCCEEDED.
Info:  Pre-verification of r:/WORK/ALU/mult_55 SUCCEEDED.
