 
****************************************
Report : area
Design : SYS_TOP
Version: K-2015.06
Date   : Tue Sep 30 11:36:27 2025
****************************************

Library(s) Used:

    scmetro_tsmc_cl013g_rvt_ss_1p08v_125c (File: /home/IC/tsmc_fb_cl013g_sc/aci/sc-m/synopsys/scmetro_tsmc_cl013g_rvt_ss_1p08v_125c.db)

Number of ports:                          887
Number of nets:                          2824
Number of cells:                         1922
Number of combinational cells:           1506
Number of sequential cells:               370
Number of macros/black boxes:               0
Number of buf/inv:                        335
Number of references:                      27

Combinational area:              13777.980537
Buf/Inv area:                     1276.719528
Noncombinational area:           11482.239040
Macro/Black Box area:                0.000000
Net Interconnect area:      undefined  (No wire load specified)

Total cell area:                 25260.219577
Total area:                 undefined

Hierarchical area distribution
------------------------------

                                  Global cell area            Local cell area
                                  -------------------  ------------------------------ 
Hierarchical cell                 Absolute    Percent  Combi-      Noncombi-   Black-
                                  Total       Total    national    national    boxes   Design
--------------------------------  ----------  -------  ----------  ----------  ------  ------------------------------------------------
SYS_TOP                           25260.2196    100.0    102.3729      0.0000  0.0000  SYS_TOP
RST_SYNC_1                           65.8952      0.3      0.0000     65.8952  0.0000  RST_SYNC_test_1
RST_SYNC_2                           65.8952      0.3      0.0000     65.8952  0.0000  RST_SYNC_test_0
RX_ClkDiv                          1027.2591      4.1    453.0295    263.5808  0.0000  ClkDiv_test_0
RX_ClkDiv/add_65                     91.7826      0.4     91.7826      0.0000  0.0000  ClkDiv_0_DW01_inc_0
RX_ClkDiv/sub_0_root_sub_0_root_sub_38_2
                                    218.8662      0.9    218.8662      0.0000  0.0000  ClkDiv_0_DW01_sub_0
TX_ClkDiv                          1027.2591      4.1    453.0295    263.5808  0.0000  ClkDiv_test_1
TX_ClkDiv/add_65                     91.7826      0.4     91.7826      0.0000  0.0000  ClkDiv_1_DW01_inc_0
TX_ClkDiv/sub_0_root_sub_0_root_sub_38_2
                                    218.8662      0.9    218.8662      0.0000  0.0000  ClkDiv_1_DW01_sub_0
U_ALU                              5729.3524     22.7   1081.3873    560.1092  0.0000  ALU_test_1
U_ALU/add_51                        231.8099      0.9    231.8099      0.0000  0.0000  ALU_DW01_add_0
U_ALU/div_62                       1434.3973      5.7   1434.3973      0.0000  0.0000  ALU_DW_div_uns_0
U_ALU/mult_55                      2155.7144      8.5   1914.4909      0.0000  0.0000  ALU_DW02_mult_0
U_ALU/mult_55/FS_1                  241.2235      1.0    241.2235      0.0000  0.0000  ALU_DW01_add_1
U_ALU/sub_53                        265.9342      1.1    265.9342      0.0000  0.0000  ALU_DW01_sub_0
U_ASYC_FIFO                        4811.5265     19.0     14.1204      0.0000  0.0000  ASYC_FIFO_test_1
U_ASYC_FIFO/FIFO_memory            3360.6553     13.3   1252.0088   2108.6465  0.0000  FIFO_Memory_BUS_WIDTH8_ADDR_WIDTH3_DEPTH8_test_1
U_ASYC_FIFO/Rptr_empty              454.2062      1.8    158.8545    295.3517  0.0000  Rptr_empty_ADDR_WIDTH3_test_1
U_ASYC_FIFO/SYNC_r2w                263.5808      1.0      0.0000    263.5808  0.0000  SYNC_ADDR_WIDTH3_test_0
U_ASYC_FIFO/SYNC_w2r                263.5808      1.0      0.0000    263.5808  0.0000  SYNC_ADDR_WIDTH3_test_1
U_ASYC_FIFO/Wptr_full               455.3829      1.8    158.8545    296.5284  0.0000  Wptr_full_ADDR_WIDTH3_test_1
U_Clock_Gating                       15.2971      0.1      0.0000     15.2971  0.0000  Clock_Gating
U_DATA_SYNC                         480.0936      1.9     84.7224    395.3712  0.0000  DATA_SYNC_test_1
U_Prescale_Mux                       55.3049      0.2     55.3049      0.0000  0.0000  Prescale_Mux
U_Pulse_Gen                          71.7787      0.3      5.8835     65.8952  0.0000  Pulse_Gen_test_1
U_Reg_File                         7075.4974     28.0   2565.2061   4510.2913  0.0000  Reg_File_test_1
U_SYS_CTRL                         1468.5216      5.8    908.4124    560.1092  0.0000  SYS_CTRL_test_1
U_UART_RX                          2118.0600      8.4     14.1204      0.0000  0.0000  UART_RX_test_1
U_UART_RX/U0_FSM                    400.0780      1.6    301.2352     98.8428  0.0000  RX_FSM_test_1
U_UART_RX/U0_data_sampling          311.8255      1.2    178.8584    132.9671  0.0000  Data_sampling_test_1
U_UART_RX/U0_deserializer           505.9810      2.0    242.4002    263.5808  0.0000  Deserializer_test_1
U_UART_RX/U0_edge_bit_counter       641.3015      2.5    342.4197    298.8818  0.0000  Edge_bit_counter_test_1
U_UART_RX/U0_parity_check           148.2642      0.6    115.3166     32.9476  0.0000  Parity_Check_test_1
U_UART_RX/U0_stop_check              51.7748      0.2     18.8272     32.9476  0.0000  Stop_Check_test_1
U_UART_RX/U0_strt_check              44.7146      0.2     11.7670     32.9476  0.0000  Strt_Check_test_1
U_UART_TX                          1060.2067      4.2      7.0602      0.0000  0.0000  UART_TX_test_1
U_UART_TX/fsm                       204.7458      0.8    104.7263    100.0195  0.0000  TX_FSM_test_1
U_UART_TX/mux                        22.3573      0.1     22.3573      0.0000  0.0000  MUX
U_UART_TX/parit_calc                134.1438      0.5    101.1962     32.9476  0.0000  Parity_Calc_test_1
U_UART_TX/serializer                691.8996      2.7    229.4565    462.4431  0.0000  Serializer_test_1
ref_clk_mux                          15.2971      0.1     15.2971      0.0000  0.0000  dft_mux_1
rst_1_mux                            11.7670      0.0     11.7670      0.0000  0.0000  dft_mux_6
rst_2_mux                            11.7670      0.0     11.7670      0.0000  0.0000  dft_mux_5
rst_n_mux                            11.7670      0.0     11.7670      0.0000  0.0000  dft_mux_0
rx_clk_mux                           11.7670      0.0     11.7670      0.0000  0.0000  dft_mux_2
tx_clk_mux                           11.7670      0.0     11.7670      0.0000  0.0000  dft_mux_3
uart_clk_mux                         11.7670      0.0     11.7670      0.0000  0.0000  dft_mux_4
--------------------------------  ----------  -------  ----------  ----------  ------  ------------------------------------------------
Total                                                  13777.9805  11482.2390  0.0000

1
