/home/IC/integrated_system_syn/RTL/ALU/ALU.v
/home/IC/integrated_system_syn/RTL/ASYC_FIFO/ASYC_FIFO.v
/home/IC/integrated_system_syn/RTL/ASYC_FIFO/FIFO_Memory.v
/home/IC/integrated_system_syn/RTL/ASYC_FIFO/Rptr_empty.v
/home/IC/integrated_system_syn/RTL/ASYC_FIFO/SYNC.v
/home/IC/integrated_system_syn/RTL/ASYC_FIFO/Wptr_full.v
/home/IC/integrated_system_syn/RTL/ClkDiv/ClkDiv.v
/home/IC/integrated_system_syn/RTL/Clock_Gate/Clock_Gating.v
/home/IC/integrated_system_syn/RTL/DATA_SYNC/DATA_SYNC.v
/home/IC/integrated_system_syn/RTL/Prescale_Mux/Prescale_Mux.v
/home/IC/integrated_system_syn/RTL/Pulse_Gen/Pulse_Gen.v
/home/IC/integrated_system_syn/RTL/REGFile/Reg_File.v
/home/IC/integrated_system_syn/RTL/RST_SYNC/RST_SYNC.v
/home/IC/integrated_system_syn/RTL/UART/UART_RX/Data_sampling.v
/home/IC/integrated_system_syn/RTL/UART/UART_RX/Deserializer.v
/home/IC/integrated_system_syn/RTL/UART/UART_RX/Edge_bit_counter.v
/home/IC/integrated_system_syn/RTL/UART/UART_RX/Parity_Check.v
/home/IC/integrated_system_syn/RTL/UART/UART_RX/Stop_Check.v
/home/IC/integrated_system_syn/RTL/UART/UART_RX/Strt_Check.v
/home/IC/integrated_system_syn/RTL/UART/UART_RX/UART_RX.v
/home/IC/integrated_system_syn/RTL/UART/UART_TX/MUX.v
/home/IC/integrated_system_syn/RTL/UART/UART_TX/Parity_Calc.v
/home/IC/integrated_system_syn/RTL/UART/UART_TX/Serializer.v
/home/IC/integrated_system_syn/RTL/UART/UART_TX/UART_TX.v
/home/IC/integrated_system_syn/RTL/TOP/SYS_TOP_dft.v
/home/IC/integrated_system_syn/RTL/DFT_Mux/dft_mux.v

