 
****************************************
Report : area
Design : SYS_TOP
Version: K-2015.06
Date   : Tue Sep 30 11:28:46 2025
****************************************

Library(s) Used:

    scmetro_tsmc_cl013g_rvt_ss_1p08v_125c (File: /home/IC/tsmc_fb_cl013g_sc/aci/sc-m/synopsys/scmetro_tsmc_cl013g_rvt_ss_1p08v_125c.db)

Number of ports:                          774
Number of nets:                          2672
Number of cells:                         1874
Number of combinational cells:           1465
Number of sequential cells:               370
Number of macros/black boxes:               0
Number of buf/inv:                        302
Number of references:                      17

Combinational area:              13539.110433
Buf/Inv area:                     1129.632026
Noncombinational area:            9031.172390
Macro/Black Box area:                0.000000
Net Interconnect area:      undefined  (No wire load specified)

Total cell area:                 22570.282823
Total area:                 undefined

Hierarchical area distribution
------------------------------

                                  Global cell area            Local cell area
                                  -------------------  ----------------------------- 
Hierarchical cell                 Absolute    Percent  Combi-      Noncombi-  Black-
                                  Total       Total    national    national   boxes   Design
--------------------------------  ----------  -------  ----------  ---------  ------  -----------------------------------------
SYS_TOP                           22570.2828    100.0     29.4175     0.0000  0.0000  SYS_TOP
RST_SYNC_1                           51.7748      0.2      0.0000    51.7748  0.0000  RST_SYNC_0
RST_SYNC_2                           51.7748      0.2      0.0000    51.7748  0.0000  RST_SYNC_1
RX_ClkDiv                           970.7775      4.3    453.0295   207.0992  0.0000  ClkDiv_0
RX_ClkDiv/add_65                     91.7826      0.4     91.7826     0.0000  0.0000  ClkDiv_0_DW01_inc_0
RX_ClkDiv/sub_0_root_sub_0_root_sub_38_2
                                    218.8662      1.0    218.8662     0.0000  0.0000  ClkDiv_0_DW01_sub_0
TX_ClkDiv                           970.7775      4.3    453.0295   207.0992  0.0000  ClkDiv_1
TX_ClkDiv/add_65                     91.7826      0.4     91.7826     0.0000  0.0000  ClkDiv_1_DW01_inc_0
TX_ClkDiv/sub_0_root_sub_0_root_sub_38_2
                                    218.8662      1.0    218.8662     0.0000  0.0000  ClkDiv_1_DW01_sub_0
U_ALU                              5609.3289     24.9   1081.3873   440.0858  0.0000  ALU
U_ALU/add_51                        231.8099      1.0    231.8099     0.0000  0.0000  ALU_DW01_add_0
U_ALU/div_62                       1434.3973      6.4   1434.3973     0.0000  0.0000  ALU_DW_div_uns_0
U_ALU/mult_55                      2155.7144      9.6   1914.4909     0.0000  0.0000  ALU_DW02_mult_0
U_ALU/mult_55/FS_1                  241.2235      1.1    241.2235     0.0000  0.0000  ALU_DW01_add_1
U_ALU/sub_53                        265.9342      1.2    265.9342     0.0000  0.0000  ALU_DW01_sub_0
U_ASYC_FIFO                        4091.3859     18.1      7.0602     0.0000  0.0000  ASYC_FIFO
U_ASYC_FIFO/FIFO_memory            2886.4451     12.8   1229.6515  1656.7936  0.0000  FIFO_Memory_BUS_WIDTH8_ADDR_WIDTH3_DEPTH8
U_ASYC_FIFO/Rptr_empty              391.8411      1.7    158.8545   232.9866  0.0000  Rptr_empty_ADDR_WIDTH3
U_ASYC_FIFO/SYNC_r2w                207.0992      0.9      0.0000   207.0992  0.0000  SYNC_ADDR_WIDTH3_0
U_ASYC_FIFO/SYNC_w2r                207.0992      0.9      0.0000   207.0992  0.0000  SYNC_ADDR_WIDTH3_1
U_ASYC_FIFO/Wptr_full               391.8411      1.7    158.8545   232.9866  0.0000  Wptr_full_ADDR_WIDTH3
U_Clock_Gating                       15.2971      0.1      0.0000    15.2971  0.0000  Clock_Gating
U_DATA_SYNC                         395.3712      1.8     84.7224   310.6488  0.0000  DATA_SYNC
U_Prescale_Mux                       55.3049      0.2     55.3049     0.0000  0.0000  Prescale_Mux
U_Pulse_Gen                          57.6583      0.3      5.8835    51.7748  0.0000  Pulse_Gen
U_Reg_File                         6078.8322     26.9   2532.2585  3546.5738  0.0000  Reg_File
U_SYS_CTRL                         1348.4982      6.0    908.4124   440.0858  0.0000  SYS_CTRL
U_UART_RX                          1910.9608      8.5      7.0602     0.0000  0.0000  UART_RX
U_UART_RX/U0_FSM                    376.5440      1.7    297.7051    78.8389  0.0000  RX_FSM
U_UART_RX/U0_data_sampling          283.5847      1.3    178.8584   104.7263  0.0000  Data_sampling
U_UART_RX/U0_deserializer           449.4994      2.0    242.4002   207.0992  0.0000  Deserializer
U_UART_RX/U0_edge_bit_counter       577.7597      2.6    342.4197   235.3400  0.0000  Edge_bit_counter
U_UART_RX/U0_parity_check           141.2040      0.6    115.3166    25.8874  0.0000  Parity_Check
U_UART_RX/U0_stop_check              37.6544      0.2     11.7670    25.8874  0.0000  Stop_Check
U_UART_RX/U0_strt_check              37.6544      0.2     11.7670    25.8874  0.0000  Strt_Check
U_UART_TX                           933.1231      4.1      7.0602     0.0000  0.0000  UART_TX
U_UART_TX/fsm                       183.5652      0.8    104.7263    78.8389  0.0000  TX_FSM
U_UART_TX/mux                        22.3573      0.1     22.3573     0.0000  0.0000  MUX
U_UART_TX/parit_calc                127.0836      0.6    101.1962    25.8874  0.0000  Parity_Calc
U_UART_TX/serializer                593.0568      2.6    229.4565   363.6003  0.0000  Serializer
--------------------------------  ----------  -------  ----------  ---------  ------  -----------------------------------------
Total                                                  13539.1104  9031.1724  0.0000

1
