Loading db file '/home/IC/tsmc_fb_cl013g_sc/aci/sc-m/synopsys/scmetro_tsmc_cl013g_rvt_ss_1p08v_125c.db'
Information: Propagating switching activity (low effort zero delay simulation). (PWR-6)
Warning: Design has unannotated primary inputs. (PWR-414)
Warning: Design has unannotated sequential cell outputs. (PWR-415)
 
****************************************
Report : power
        -hier
        -analysis_effort low
Design : SYS_TOP
Version: K-2015.06
Date   : Tue Sep 30 11:28:47 2025
****************************************


Library(s) Used:

    scmetro_tsmc_cl013g_rvt_ss_1p08v_125c (File: /home/IC/tsmc_fb_cl013g_sc/aci/sc-m/synopsys/scmetro_tsmc_cl013g_rvt_ss_1p08v_125c.db)


Operating Conditions: scmetro_tsmc_cl013g_rvt_ss_1p08v_125c   Library: scmetro_tsmc_cl013g_rvt_ss_1p08v_125c
Wire Load Model Mode: top


Global Operating Voltage = 1.08 
Power-specific unit information :
    Voltage Units = 1V
    Capacitance Units = 1.000000pf
    Time Units = 1ns
    Dynamic Power Units = 1mW    (derived from V,C,T units)
    Leakage Power Units = 1pW


--------------------------------------------------------------------------------
                                       Switch   Int      Leak     Total
Hierarchy                              Power    Power    Power    Power    %
--------------------------------------------------------------------------------
SYS_TOP                                6.16e-03    0.199 1.36e+07    0.219 100.0
  U_UART_RX (UART_RX)                  2.42e-04 1.72e-03 1.04e+06 3.01e-03   1.4
    U0_FSM (RX_FSM)                    2.57e-05 2.88e-04 2.07e+05 5.21e-04   0.2
    U0_deserializer (Deserializer)     8.58e-07 4.54e-04 2.30e+05 6.84e-04   0.3
    U0_data_sampling (Data_sampling)   3.22e-06 2.36e-04 1.42e+05 3.82e-04   0.2
    U0_edge_bit_counter (Edge_bit_counter)
                                       2.89e-05 5.60e-04 3.07e+05 8.96e-04   0.4
    U0_stop_check (Stop_Check)            0.000 5.66e-05 1.75e+04 7.40e-05   0.0
    U0_strt_check (Strt_Check)            0.000 5.66e-05 1.83e+04 7.49e-05   0.0
    U0_parity_check (Parity_Check)        0.000 5.66e-05 1.16e+05 1.73e-04   0.1
  U_UART_TX (UART_TX)                  1.25e-04 1.04e-04 5.11e+05 7.40e-04   0.3
    mux (MUX)                             0.000    0.000 2.19e+04 2.19e-05   0.0
    parit_calc (Parity_Calc)              0.000 4.99e-06 1.13e+05 1.18e-04   0.1
    serializer (Serializer)               0.000 6.94e-05 2.62e+05 3.32e-04   0.2
    fsm (TX_FSM)                          0.000 1.46e-05 1.09e+05 1.23e-04   0.1
  U_Pulse_Gen (Pulse_Gen)                 0.000 9.97e-06 2.32e+04 3.32e-05   0.0
  U_ASYC_FIFO (ASYC_FIFO)              1.17e-03 5.89e-02 2.15e+06 6.22e-02  28.5
    SYNC_w2r (SYNC_ADDR_WIDTH3_1)         0.000 3.99e-05 7.48e+04 1.15e-04   0.1
    SYNC_r2w (SYNC_ADDR_WIDTH3_0)         0.000 5.79e-03 8.23e+04 5.87e-03   2.7
    Wptr_full (Wptr_full_ADDR_WIDTH3)     0.000 6.51e-03 2.34e+05 6.74e-03   3.1
    Rptr_empty (Rptr_empty_ADDR_WIDTH3)
                                          0.000 4.46e-05 2.35e+05 2.79e-04   0.1
    FIFO_memory (FIFO_Memory_BUS_WIDTH8_ADDR_WIDTH3_DEPTH8)
                                       9.11e-04 4.65e-02 1.52e+06 4.89e-02  22.4
  TX_ClkDiv (ClkDiv_1)                 2.95e-05 5.53e-04 6.82e+05 1.26e-03   0.6
    sub_0_root_sub_0_root_sub_38_2 (ClkDiv_1_DW01_sub_0)
                                          0.000    0.000 2.03e+05 2.03e-04   0.1
    add_65 (ClkDiv_1_DW01_inc_0)       1.75e-06 6.28e-06 8.36e+04 9.16e-05   0.0
  RX_ClkDiv (ClkDiv_0)                 1.85e-04 5.18e-04 6.95e+05 1.40e-03   0.6
    sub_0_root_sub_0_root_sub_38_2 (ClkDiv_0_DW01_sub_0)
                                          0.000    0.000 2.03e+05 2.03e-04   0.1
    add_65 (ClkDiv_0_DW01_inc_0)          0.000    0.000 8.37e+04 8.37e-05   0.0
  U_Prescale_Mux (Prescale_Mux)           0.000    0.000 4.41e+04 4.41e-05   0.0
  U_DATA_SYNC (DATA_SYNC)                 0.000 8.68e-03 1.72e+05 8.85e-03   4.1
  RST_SYNC_2 (RST_SYNC_1)              6.44e-06 2.36e-04 2.40e+04 2.67e-04   0.1
  RST_SYNC_1 (RST_SYNC_0)              1.30e-05 2.25e-03 2.53e+04 2.29e-03   1.0
  U_Reg_File (Reg_File)                1.93e-03 9.96e-02 3.16e+06    0.105  47.9
  U_Clock_Gating (Clock_Gating)        1.51e-03 1.40e-03 1.12e+04 2.92e-03   1.3
  U_ALU (ALU)                             0.000 1.24e-02 4.24e+06 1.66e-02   7.6
    mult_55 (ALU_DW02_mult_0)             0.000    0.000 1.65e+06 1.65e-03   0.8
    add_51 (ALU_DW01_add_0)               0.000    0.000 2.05e+05 2.05e-04   0.1
    sub_53 (ALU_DW01_sub_0)               0.000    0.000 2.48e+05 2.48e-04   0.1
    div_62 (ALU_DW_div_uns_0)             0.000    0.000 1.24e+06 1.24e-03   0.6
  U_SYS_CTRL (SYS_CTRL)                   0.000 1.23e-02 8.10e+05 1.31e-02   6.0
1
