                                        
                           Design Compiler Graphical 
                                 DC Ultra (TM)
                                  DFTMAX (TM)
                              Power Compiler (TM)
                                 DesignWare (R)
                                 DC Expert (TM)
                               Design Vision (TM)
                               HDL Compiler (TM)
                               VHDL Compiler (TM)
                                  DFT Compiler
                               Design Compiler(R)
                                        
                 Version K-2015.06 for linux64 - May 28, 2015 
                                        
                    Copyright (c) 1988 - 2015 Synopsys, Inc.
   This software and the associated documentation are proprietary to Synopsys,
 Inc. This software may only be used in accordance with the terms and conditions
 of a written license agreement with Synopsys, Inc. All other use, reproduction,
            or distribution of this software is strictly prohibited.
Initializing...
Initializing gui preferences from file  /home/IC/.synopsys_dv_prefs.tcl
########################### Define Top Module ############################
set top_module SYS_TOP
SYS_TOP
##################### Define Working Library Directory ######################
define_design_lib work -path ./work
1
############################# Formality Setup File ##########################
set_svf $top_module.svf
1
################## Design Compiler Library Files #setup ######################
puts "###########################################"
###########################################
puts "#      #setting Design Libraries          #"
#      #setting Design Libraries          #
puts "###########################################"
###########################################
#Add the path of the libraries to the search_path variable
lappend search_path /home/IC/tsmc_fb_cl013g_sc/aci/sc-m/synopsys
. /opt/Synopsys/Synplify2015/libraries/syn /opt/Synopsys/Synplify2015/minpower/syn /opt/Synopsys/Synplify2015/dw/syn_ver /opt/Synopsys/Synplify2015/dw/sim_ver /home/IC/tsmc_fb_cl013g_sc/aci/sc-m/synopsys
set SSLIB "scmetro_tsmc_cl013g_rvt_ss_1p08v_125c.db"
scmetro_tsmc_cl013g_rvt_ss_1p08v_125c.db
set TTLIB "scmetro_tsmc_cl013g_rvt_tt_1p2v_25c.db"
scmetro_tsmc_cl013g_rvt_tt_1p2v_25c.db
set FFLIB "scmetro_tsmc_cl013g_rvt_ff_1p32v_m40c.db"
scmetro_tsmc_cl013g_rvt_ff_1p32v_m40c.db
## Standard Cell libraries 
set target_library [list $SSLIB $TTLIB $FFLIB]
scmetro_tsmc_cl013g_rvt_ss_1p08v_125c.db scmetro_tsmc_cl013g_rvt_tt_1p2v_25c.db scmetro_tsmc_cl013g_rvt_ff_1p32v_m40c.db
## Standard Cell & Hard Macros libraries 
set link_library [list * $SSLIB $TTLIB $FFLIB]  
* scmetro_tsmc_cl013g_rvt_ss_1p08v_125c.db scmetro_tsmc_cl013g_rvt_tt_1p2v_25c.db scmetro_tsmc_cl013g_rvt_ff_1p32v_m40c.db
######################## Reading RTL Files #################################
puts "###########################################"
###########################################
puts "#             Reading RTL Files           #"
#             Reading RTL Files           #
puts "###########################################"
###########################################
set file_format_v verilog 
verilog
set fh_v [open System_v.lst r+]
file11
set rtl_v [read $fh_v]
/home/IC/integrated_system_syn/RTL/ALU/ALU.v
/home/IC/integrated_system_syn/RTL/ASYC_FIFO/ASYC_FIFO.v
/home/IC/integrated_system_syn/RTL/ASYC_FIFO/FIFO_Memory.v
/home/IC/integrated_system_syn/RTL/ASYC_FIFO/Rptr_empty.v
/home/IC/integrated_system_syn/RTL/ASYC_FIFO/SYNC.v
/home/IC/integrated_system_syn/RTL/ASYC_FIFO/Wptr_full.v
/home/IC/integrated_system_syn/RTL/ClkDiv/ClkDiv.v
/home/IC/integrated_system_syn/RTL/Clock_Gate/Clock_Gating.v
/home/IC/integrated_system_syn/RTL/DATA_SYNC/DATA_SYNC.v
/home/IC/integrated_system_syn/RTL/Prescale_Mux/Prescale_Mux.v
/home/IC/integrated_system_syn/RTL/Pulse_Gen/Pulse_Gen.v
/home/IC/integrated_system_syn/RTL/REGFile/Reg_File.v
/home/IC/integrated_system_syn/RTL/RST_SYNC/RST_SYNC.v
/home/IC/integrated_system_syn/RTL/UART/UART_RX/Data_sampling.v
/home/IC/integrated_system_syn/RTL/UART/UART_RX/Deserializer.v
/home/IC/integrated_system_syn/RTL/UART/UART_RX/Edge_bit_counter.v
/home/IC/integrated_system_syn/RTL/UART/UART_RX/Parity_Check.v
/home/IC/integrated_system_syn/RTL/UART/UART_RX/Stop_Check.v
/home/IC/integrated_system_syn/RTL/UART/UART_RX/Strt_Check.v
/home/IC/integrated_system_syn/RTL/UART/UART_RX/UART_RX.v
/home/IC/integrated_system_syn/RTL/UART/UART_TX/MUX.v
/home/IC/integrated_system_syn/RTL/UART/UART_TX/Parity_Calc.v
/home/IC/integrated_system_syn/RTL/UART/UART_TX/Serializer.v
/home/IC/integrated_system_syn/RTL/UART/UART_TX/UART_TX.v
/home/IC/integrated_system_syn/RTL/TOP/SYS_TOP.v


set designs_v ""
regsub -all "\n" $rtl_v " " designs_v
26
set file_format_sv sverilog 
sverilog
set fh_sv [open System_sv.lst r+]
file12
set rtl_sv [read $fh_sv]
/home/IC/integrated_system_syn/RTL/CTRL/RX_FSM.sv
/home/IC/integrated_system_syn/RTL/CTRL/SYS_CTRL.sv
/home/IC/integrated_system_syn/RTL/CTRL/TX_FSM.sv

set designs_sv ""
regsub -all "\n" $rtl_sv " " designs_sv
3
analyze -format $file_format_v $designs_v
Running PRESTO HDLC
Compiling source file /home/IC/integrated_system_syn/RTL/ALU/ALU.v
Compiling source file /home/IC/integrated_system_syn/RTL/ASYC_FIFO/ASYC_FIFO.v
Compiling source file /home/IC/integrated_system_syn/RTL/ASYC_FIFO/FIFO_Memory.v
Compiling source file /home/IC/integrated_system_syn/RTL/ASYC_FIFO/Rptr_empty.v
Compiling source file /home/IC/integrated_system_syn/RTL/ASYC_FIFO/SYNC.v
Compiling source file /home/IC/integrated_system_syn/RTL/ASYC_FIFO/Wptr_full.v
Compiling source file /home/IC/integrated_system_syn/RTL/ClkDiv/ClkDiv.v
Compiling source file /home/IC/integrated_system_syn/RTL/Clock_Gate/Clock_Gating.v
Compiling source file /home/IC/integrated_system_syn/RTL/DATA_SYNC/DATA_SYNC.v
Compiling source file /home/IC/integrated_system_syn/RTL/Prescale_Mux/Prescale_Mux.v
Compiling source file /home/IC/integrated_system_syn/RTL/Pulse_Gen/Pulse_Gen.v
Compiling source file /home/IC/integrated_system_syn/RTL/REGFile/Reg_File.v
Compiling source file /home/IC/integrated_system_syn/RTL/RST_SYNC/RST_SYNC.v
Compiling source file /home/IC/integrated_system_syn/RTL/UART/UART_RX/Data_sampling.v
Compiling source file /home/IC/integrated_system_syn/RTL/UART/UART_RX/Deserializer.v
Compiling source file /home/IC/integrated_system_syn/RTL/UART/UART_RX/Edge_bit_counter.v
Compiling source file /home/IC/integrated_system_syn/RTL/UART/UART_RX/Parity_Check.v
Compiling source file /home/IC/integrated_system_syn/RTL/UART/UART_RX/Stop_Check.v
Compiling source file /home/IC/integrated_system_syn/RTL/UART/UART_RX/Strt_Check.v
Compiling source file /home/IC/integrated_system_syn/RTL/UART/UART_RX/UART_RX.v
Compiling source file /home/IC/integrated_system_syn/RTL/UART/UART_TX/MUX.v
Compiling source file /home/IC/integrated_system_syn/RTL/UART/UART_TX/Parity_Calc.v
Compiling source file /home/IC/integrated_system_syn/RTL/UART/UART_TX/Serializer.v
Compiling source file /home/IC/integrated_system_syn/RTL/UART/UART_TX/UART_TX.v
Compiling source file /home/IC/integrated_system_syn/RTL/TOP/SYS_TOP.v
Presto compilation completed successfully.
Loading db file '/home/IC/tsmc_fb_cl013g_sc/aci/sc-m/synopsys/scmetro_tsmc_cl013g_rvt_ss_1p08v_125c.db'
Loading db file '/home/IC/tsmc_fb_cl013g_sc/aci/sc-m/synopsys/scmetro_tsmc_cl013g_rvt_tt_1p2v_25c.db'
Loading db file '/home/IC/tsmc_fb_cl013g_sc/aci/sc-m/synopsys/scmetro_tsmc_cl013g_rvt_ff_1p32v_m40c.db'
1
analyze -format $file_format_sv $designs_sv
Running PRESTO HDLC
Compiling source file /home/IC/integrated_system_syn/RTL/CTRL/RX_FSM.sv
Compiling source file /home/IC/integrated_system_syn/RTL/CTRL/SYS_CTRL.sv
Compiling source file /home/IC/integrated_system_syn/RTL/CTRL/TX_FSM.sv
Presto compilation completed successfully.
1
elaborate -lib work $top_module 
Loading db file '/opt/Synopsys/Synplify2015/libraries/syn/gtech.db'
Loading db file '/opt/Synopsys/Synplify2015/libraries/syn/standard.sldb'
  Loading link library 'scmetro_tsmc_cl013g_rvt_ss_1p08v_125c'
  Loading link library 'scmetro_tsmc_cl013g_rvt_tt_1p2v_25c'
  Loading link library 'scmetro_tsmc_cl013g_rvt_ff_1p32v_m40c'
  Loading link library 'gtech'
Running PRESTO HDLC
Presto compilation completed successfully.
Elaborated 1 design.
Current design is now 'SYS_TOP'.
Information: Building the design 'SYS_CTRL'. (HDL-193)

Statistics for case statements in always block at line 96 in file
	'/home/IC/integrated_system_syn/RTL/CTRL/SYS_CTRL.sv'
===============================================
|           Line           |  full/ parallel  |
===============================================
|           101            |    auto/auto     |
|           105            |    auto/auto     |
===============================================

Inferred memory devices in process
	in routine SYS_CTRL line 77 in file
		'/home/IC/integrated_system_syn/RTL/CTRL/SYS_CTRL.sv'.
===============================================================================
|    Register Name    |   Type    | Width | Bus | MB | AR | AS | SR | SS | ST |
===============================================================================
|      Data_reg       | Flip-flop |   8   |  Y  | N  | Y  | N  | N  | N  | N  |
|  Current_State_reg  | Flip-flop |   4   |  Y  | N  | Y  | N  | N  | N  | N  |
|      store_reg      | Flip-flop |   4   |  Y  | N  | Y  | N  | N  | N  | N  |
|      Valid_reg      | Flip-flop |   1   |  N  | N  | Y  | N  | N  | N  | N  |
===============================================================================
Presto compilation completed successfully.
Information: Building the design 'ALU'. (HDL-193)

Statistics for case statements in always block at line 43 in file
	'/home/IC/integrated_system_syn/RTL/ALU/ALU.v'
===============================================
|           Line           |  full/ parallel  |
===============================================
|            50            |    auto/auto     |
===============================================

Inferred memory devices in process
	in routine ALU line 26 in file
		'/home/IC/integrated_system_syn/RTL/ALU/ALU.v'.
===============================================================================
|    Register Name    |   Type    | Width | Bus | MB | AR | AS | SR | SS | ST |
===============================================================================
|     ALU_OUT_reg     | Flip-flop |  16   |  Y  | N  | Y  | N  | N  | N  | N  |
|    OUT_Valid_reg    | Flip-flop |   1   |  N  | N  | Y  | N  | N  | N  | N  |
===============================================================================
Presto compilation completed successfully.
Information: Building the design 'Clock_Gating'. (HDL-193)
Presto compilation completed successfully.
Information: Building the design 'Reg_File'. (HDL-193)

Inferred memory devices in process
	in routine Reg_File line 35 in file
		'/home/IC/integrated_system_syn/RTL/REGFile/Reg_File.v'.
===============================================================================
|    Register Name    |   Type    | Width | Bus | MB | AR | AS | SR | SS | ST |
===============================================================================
|       mem_reg       | Flip-flop |  125  |  Y  | N  | Y  | N  | N  | N  | N  |
|       mem_reg       | Flip-flop |   3   |  Y  | N  | N  | Y  | N  | N  | N  |
|  RdData_Valid_reg   | Flip-flop |   1   |  N  | N  | Y  | N  | N  | N  | N  |
|     RdData_reg      | Flip-flop |   8   |  Y  | N  | Y  | N  | N  | N  | N  |
===============================================================================
Statistics for MUX_OPs
===========================================================
| block name/line  | Inputs | Outputs | # sel inputs | MB |
===========================================================
|   Reg_File/67    |   16   |    8    |      4       | N  |
===========================================================
Presto compilation completed successfully.
Information: Building the design 'RST_SYNC'. (HDL-193)

Inferred memory devices in process
	in routine RST_SYNC line 15 in file
		'/home/IC/integrated_system_syn/RTL/RST_SYNC/RST_SYNC.v'.
===============================================================================
|    Register Name    |   Type    | Width | Bus | MB | AR | AS | SR | SS | ST |
===============================================================================
|      Sync_reg       | Flip-flop |   2   |  Y  | N  | Y  | N  | N  | N  | N  |
===============================================================================
Presto compilation completed successfully.
Information: Building the design 'DATA_SYNC'. (HDL-193)

Inferred memory devices in process
	in routine DATA_SYNC line 27 in file
		'/home/IC/integrated_system_syn/RTL/DATA_SYNC/DATA_SYNC.v'.
===============================================================================
|    Register Name    |   Type    | Width | Bus | MB | AR | AS | SR | SS | ST |
===============================================================================
|     Sync_en_reg     | Flip-flop |   2   |  Y  | N  | Y  | N  | N  | N  | N  |
===============================================================================

Inferred memory devices in process
	in routine DATA_SYNC line 41 in file
		'/home/IC/integrated_system_syn/RTL/DATA_SYNC/DATA_SYNC.v'.
===============================================================================
|    Register Name    |   Type    | Width | Bus | MB | AR | AS | SR | SS | ST |
===============================================================================
|    pulse_reg_reg    | Flip-flop |   1   |  N  | N  | Y  | N  | N  | N  | N  |
===============================================================================

Inferred memory devices in process
	in routine DATA_SYNC line 55 in file
		'/home/IC/integrated_system_syn/RTL/DATA_SYNC/DATA_SYNC.v'.
===============================================================================
|    Register Name    |   Type    | Width | Bus | MB | AR | AS | SR | SS | ST |
===============================================================================
|  enable_pulse_reg   | Flip-flop |   1   |  N  | N  | Y  | N  | N  | N  | N  |
===============================================================================

Inferred memory devices in process
	in routine DATA_SYNC line 69 in file
		'/home/IC/integrated_system_syn/RTL/DATA_SYNC/DATA_SYNC.v'.
===============================================================================
|    Register Name    |   Type    | Width | Bus | MB | AR | AS | SR | SS | ST |
===============================================================================
|    sync_bus_reg     | Flip-flop |   8   |  Y  | N  | Y  | N  | N  | N  | N  |
===============================================================================
Presto compilation completed successfully.
Information: Building the design 'Prescale_Mux'. (HDL-193)

Statistics for case statements in always block at line 6 in file
	'/home/IC/integrated_system_syn/RTL/Prescale_Mux/Prescale_Mux.v'
===============================================
|           Line           |  full/ parallel  |
===============================================
|            8             |    auto/auto     |
===============================================
Presto compilation completed successfully.
Information: Building the design 'ClkDiv'. (HDL-193)

Inferred memory devices in process
	in routine ClkDiv line 45 in file
		'/home/IC/integrated_system_syn/RTL/ClkDiv/ClkDiv.v'.
===============================================================================
|    Register Name    |   Type    | Width | Bus | MB | AR | AS | SR | SS | ST |
===============================================================================
|     Counter_reg     | Flip-flop |   7   |  Y  | N  | Y  | N  | N  | N  | N  |
===============================================================================

Inferred memory devices in process
	in routine ClkDiv line 70 in file
		'/home/IC/integrated_system_syn/RTL/ClkDiv/ClkDiv.v'.
===============================================================================
|    Register Name    |   Type    | Width | Bus | MB | AR | AS | SR | SS | ST |
===============================================================================
|     div_clk_reg     | Flip-flop |   1   |  N  | N  | Y  | N  | N  | N  | N  |
===============================================================================
Presto compilation completed successfully.
Information: Building the design 'ASYC_FIFO'. (HDL-193)
Presto compilation completed successfully.
Information: Building the design 'Pulse_Gen'. (HDL-193)

Inferred memory devices in process
	in routine Pulse_Gen line 14 in file
		'/home/IC/integrated_system_syn/RTL/Pulse_Gen/Pulse_Gen.v'.
===============================================================================
|    Register Name    |   Type    | Width | Bus | MB | AR | AS | SR | SS | ST |
===============================================================================
|    Pulse_reg_reg    | Flip-flop |   2   |  Y  | N  | Y  | N  | N  | N  | N  |
===============================================================================
Presto compilation completed successfully.
Information: Building the design 'UART_TX'. (HDL-193)
Presto compilation completed successfully.
Information: Building the design 'UART_RX'. (HDL-193)
Presto compilation completed successfully.
Information: Building the design 'FIFO_Memory' instantiated from design 'ASYC_FIFO' with
	the parameters "BUS_WIDTH=8,ADDR_WIDTH=3,DEPTH=8". (HDL-193)

Inferred memory devices in process
	in routine FIFO_Memory_BUS_WIDTH8_ADDR_WIDTH3_DEPTH8 line 33 in file
		'/home/IC/integrated_system_syn/RTL/ASYC_FIFO/FIFO_Memory.v'.
===============================================================================
|    Register Name    |   Type    | Width | Bus | MB | AR | AS | SR | SS | ST |
===============================================================================
|       MEM_reg       | Flip-flop |  64   |  Y  | N  | Y  | N  | N  | N  | N  |
===============================================================================
Statistics for MUX_OPs
=======================================================================================
|               block name/line                | Inputs | Outputs | # sel inputs | MB |
=======================================================================================
| FIFO_Memory_BUS_WIDTH8_ADDR_WIDTH3_DEPTH8/50 |   8    |    8    |      3       | N  |
=======================================================================================
Presto compilation completed successfully.
Information: Building the design 'Rptr_empty' instantiated from design 'ASYC_FIFO' with
	the parameters "ADDR_WIDTH=3". (HDL-193)

Inferred memory devices in process
	in routine Rptr_empty_ADDR_WIDTH3 line 30 in file
		'/home/IC/integrated_system_syn/RTL/ASYC_FIFO/Rptr_empty.v'.
===============================================================================
|    Register Name    |   Type    | Width | Bus | MB | AR | AS | SR | SS | ST |
===============================================================================
|     R_empty_reg     | Flip-flop |   1   |  N  | N  | N  | Y  | N  | N  | N  |
===============================================================================

Inferred memory devices in process
	in routine Rptr_empty_ADDR_WIDTH3 line 45 in file
		'/home/IC/integrated_system_syn/RTL/ASYC_FIFO/Rptr_empty.v'.
===============================================================================
|    Register Name    |   Type    | Width | Bus | MB | AR | AS | SR | SS | ST |
===============================================================================
|      R_ptr_reg      | Flip-flop |   4   |  Y  | N  | Y  | N  | N  | N  | N  |
===============================================================================

Inferred memory devices in process
	in routine Rptr_empty_ADDR_WIDTH3 line 60 in file
		'/home/IC/integrated_system_syn/RTL/ASYC_FIFO/Rptr_empty.v'.
===============================================================================
|    Register Name    |   Type    | Width | Bus | MB | AR | AS | SR | SS | ST |
===============================================================================
|      R_bin_reg      | Flip-flop |   4   |  Y  | N  | Y  | N  | N  | N  | N  |
===============================================================================
Presto compilation completed successfully.
Information: Building the design 'Wptr_full' instantiated from design 'ASYC_FIFO' with
	the parameters "ADDR_WIDTH=3". (HDL-193)

Inferred memory devices in process
	in routine Wptr_full_ADDR_WIDTH3 line 29 in file
		'/home/IC/integrated_system_syn/RTL/ASYC_FIFO/Wptr_full.v'.
===============================================================================
|    Register Name    |   Type    | Width | Bus | MB | AR | AS | SR | SS | ST |
===============================================================================
|     W_full_reg      | Flip-flop |   1   |  N  | N  | Y  | N  | N  | N  | N  |
===============================================================================

Inferred memory devices in process
	in routine Wptr_full_ADDR_WIDTH3 line 43 in file
		'/home/IC/integrated_system_syn/RTL/ASYC_FIFO/Wptr_full.v'.
===============================================================================
|    Register Name    |   Type    | Width | Bus | MB | AR | AS | SR | SS | ST |
===============================================================================
|      W_ptr_reg      | Flip-flop |   4   |  Y  | N  | Y  | N  | N  | N  | N  |
===============================================================================

Inferred memory devices in process
	in routine Wptr_full_ADDR_WIDTH3 line 57 in file
		'/home/IC/integrated_system_syn/RTL/ASYC_FIFO/Wptr_full.v'.
===============================================================================
|    Register Name    |   Type    | Width | Bus | MB | AR | AS | SR | SS | ST |
===============================================================================
|      W_bin_reg      | Flip-flop |   4   |  Y  | N  | Y  | N  | N  | N  | N  |
===============================================================================
Presto compilation completed successfully.
Information: Building the design 'SYNC' instantiated from design 'ASYC_FIFO' with
	the parameters "ADDR_WIDTH=3". (HDL-193)

Inferred memory devices in process
	in routine SYNC_ADDR_WIDTH3 line 23 in file
		'/home/IC/integrated_system_syn/RTL/ASYC_FIFO/SYNC.v'.
===============================================================================
|    Register Name    |   Type    | Width | Bus | MB | AR | AS | SR | SS | ST |
===============================================================================
|      SYNC_reg       | Flip-flop |   8   |  Y  | N  | Y  | N  | N  | N  | N  |
===============================================================================
Presto compilation completed successfully.
Information: Building the design 'TX_FSM'. (HDL-193)

Statistics for case statements in always block at line 55 in file
	'/home/IC/integrated_system_syn/RTL/CTRL/TX_FSM.sv'
===============================================
|           Line           |  full/ parallel  |
===============================================
|            61            |    auto/auto     |
===============================================

Inferred memory devices in process
	in routine TX_FSM line 41 in file
		'/home/IC/integrated_system_syn/RTL/CTRL/TX_FSM.sv'.
===============================================================================
|    Register Name    |   Type    | Width | Bus | MB | AR | AS | SR | SS | ST |
===============================================================================
|  Current_State_reg  | Flip-flop |   3   |  Y  | N  | Y  | N  | N  | N  | N  |
===============================================================================
Presto compilation completed successfully.
Information: Building the design 'Serializer'. (HDL-193)

Inferred memory devices in process
	in routine Serializer line 25 in file
		'/home/IC/integrated_system_syn/RTL/UART/UART_TX/Serializer.v'.
===============================================================================
|    Register Name    |   Type    | Width | Bus | MB | AR | AS | SR | SS | ST |
===============================================================================
|    ser_data_reg     | Flip-flop |   1   |  N  | N  | Y  | N  | N  | N  | N  |
|      count_reg      | Flip-flop |   4   |  Y  | N  | Y  | N  | N  | N  | N  |
|   serializer_reg    | Flip-flop |   8   |  Y  | N  | Y  | N  | N  | N  | N  |
===============================================================================

Inferred memory devices in process
	in routine Serializer line 47 in file
		'/home/IC/integrated_system_syn/RTL/UART/UART_TX/Serializer.v'.
===============================================================================
|    Register Name    |   Type    | Width | Bus | MB | AR | AS | SR | SS | ST |
===============================================================================
|    ser_done_reg     | Flip-flop |   1   |  N  | N  | Y  | N  | N  | N  | N  |
===============================================================================
Presto compilation completed successfully.
Information: Building the design 'Parity_Calc'. (HDL-193)

Inferred memory devices in process
	in routine Parity_Calc line 39 in file
		'/home/IC/integrated_system_syn/RTL/UART/UART_TX/Parity_Calc.v'.
===============================================================================
|    Register Name    |   Type    | Width | Bus | MB | AR | AS | SR | SS | ST |
===============================================================================
|     par_bit_reg     | Flip-flop |   1   |  N  | N  | Y  | N  | N  | N  | N  |
===============================================================================
Presto compilation completed successfully.
Information: Building the design 'MUX'. (HDL-193)
Warning:  /home/IC/integrated_system_syn/RTL/UART/UART_TX/MUX.v:19: DEFAULT branch of CASE statement cannot be reached. (ELAB-311)

Statistics for case statements in always block at line 17 in file
	'/home/IC/integrated_system_syn/RTL/UART/UART_TX/MUX.v'
===============================================
|           Line           |  full/ parallel  |
===============================================
|            19            |    auto/auto     |
===============================================
Presto compilation completed successfully.
Information: Building the design 'Parity_Check'. (HDL-193)

Inferred memory devices in process
	in routine Parity_Check line 39 in file
		'/home/IC/integrated_system_syn/RTL/UART/UART_RX/Parity_Check.v'.
===============================================================================
|    Register Name    |   Type    | Width | Bus | MB | AR | AS | SR | SS | ST |
===============================================================================
|     Par_err_reg     | Flip-flop |   1   |  N  | N  | Y  | N  | N  | N  | N  |
===============================================================================
Presto compilation completed successfully.
Information: Building the design 'Strt_Check'. (HDL-193)

Inferred memory devices in process
	in routine Strt_Check line 14 in file
		'/home/IC/integrated_system_syn/RTL/UART/UART_RX/Strt_Check.v'.
===============================================================================
|    Register Name    |   Type    | Width | Bus | MB | AR | AS | SR | SS | ST |
===============================================================================
|   Strt_glitch_reg   | Flip-flop |   1   |  N  | N  | Y  | N  | N  | N  | N  |
===============================================================================
Presto compilation completed successfully.
Information: Building the design 'Stop_Check'. (HDL-193)

Inferred memory devices in process
	in routine Stop_Check line 15 in file
		'/home/IC/integrated_system_syn/RTL/UART/UART_RX/Stop_Check.v'.
===============================================================================
|    Register Name    |   Type    | Width | Bus | MB | AR | AS | SR | SS | ST |
===============================================================================
|     Stp_err_reg     | Flip-flop |   1   |  N  | N  | Y  | N  | N  | N  | N  |
===============================================================================
Presto compilation completed successfully.
Information: Building the design 'Edge_bit_counter'. (HDL-193)

Statistics for case statements in always block at line 17 in file
	'/home/IC/integrated_system_syn/RTL/UART/UART_RX/Edge_bit_counter.v'
===============================================
|           Line           |  full/ parallel  |
===============================================
|            26            |    auto/auto     |
===============================================

Statistics for case statements in always block at line 69 in file
	'/home/IC/integrated_system_syn/RTL/UART/UART_RX/Edge_bit_counter.v'
===============================================
|           Line           |  full/ parallel  |
===============================================
|            77            |    auto/auto     |
===============================================

Inferred memory devices in process
	in routine Edge_bit_counter line 17 in file
		'/home/IC/integrated_system_syn/RTL/UART/UART_RX/Edge_bit_counter.v'.
===============================================================================
|    Register Name    |   Type    | Width | Bus | MB | AR | AS | SR | SS | ST |
===============================================================================
|    Edge_cnt_reg     | Flip-flop |   5   |  Y  | N  | Y  | N  | N  | N  | N  |
===============================================================================

Inferred memory devices in process
	in routine Edge_bit_counter line 69 in file
		'/home/IC/integrated_system_syn/RTL/UART/UART_RX/Edge_bit_counter.v'.
===============================================================================
|    Register Name    |   Type    | Width | Bus | MB | AR | AS | SR | SS | ST |
===============================================================================
|     Bit_cnt_reg     | Flip-flop |   4   |  Y  | N  | Y  | N  | N  | N  | N  |
===============================================================================
Presto compilation completed successfully.
Information: Building the design 'Data_sampling'. (HDL-193)

Statistics for case statements in always block at line 23 in file
	'/home/IC/integrated_system_syn/RTL/UART/UART_RX/Data_sampling.v'
===============================================
|           Line           |  full/ parallel  |
===============================================
|            32            |     no/auto      |
===============================================

Statistics for case statements in always block at line 59 in file
	'/home/IC/integrated_system_syn/RTL/UART/UART_RX/Data_sampling.v'
===============================================
|           Line           |  full/ parallel  |
===============================================
|            67            |     no/auto      |
===============================================

Inferred memory devices in process
	in routine Data_sampling line 23 in file
		'/home/IC/integrated_system_syn/RTL/UART/UART_RX/Data_sampling.v'.
===============================================================================
|    Register Name    |   Type    | Width | Bus | MB | AR | AS | SR | SS | ST |
===============================================================================
|     Sample_reg      | Flip-flop |   3   |  Y  | N  | Y  | N  | N  | N  | N  |
===============================================================================

Inferred memory devices in process
	in routine Data_sampling line 59 in file
		'/home/IC/integrated_system_syn/RTL/UART/UART_RX/Data_sampling.v'.
===============================================================================
|    Register Name    |   Type    | Width | Bus | MB | AR | AS | SR | SS | ST |
===============================================================================
|   Sampled_bit_reg   | Flip-flop |   1   |  N  | N  | Y  | N  | N  | N  | N  |
===============================================================================
Presto compilation completed successfully.
Information: Building the design 'Deserializer'. (HDL-193)

Inferred memory devices in process
	in routine Deserializer line 20 in file
		'/home/IC/integrated_system_syn/RTL/UART/UART_RX/Deserializer.v'.
===============================================================================
|    Register Name    |   Type    | Width | Bus | MB | AR | AS | SR | SS | ST |
===============================================================================
|     P_DATA_reg      | Flip-flop |   8   |  Y  | N  | Y  | N  | N  | N  | N  |
===============================================================================
Presto compilation completed successfully.
Information: Building the design 'RX_FSM'. (HDL-193)

Statistics for case statements in always block at line 75 in file
	'/home/IC/integrated_system_syn/RTL/CTRL/RX_FSM.sv'
===============================================
|           Line           |  full/ parallel  |
===============================================
|            87            |    auto/auto     |
===============================================

Inferred memory devices in process
	in routine RX_FSM line 61 in file
		'/home/IC/integrated_system_syn/RTL/CTRL/RX_FSM.sv'.
===============================================================================
|    Register Name    |   Type    | Width | Bus | MB | AR | AS | SR | SS | ST |
===============================================================================
|  Current_State_reg  | Flip-flop |   3   |  Y  | N  | Y  | N  | N  | N  | N  |
===============================================================================
Presto compilation completed successfully.
1
###################### Defining toplevel ###################################
current_design $top_module
Current design is 'SYS_TOP'.
{SYS_TOP}
#################### Liniking All The Design Parts #########################
puts "###############################################"
###############################################
puts "######## Liniking All The Design Parts ########"
######## Liniking All The Design Parts ########
puts "###############################################"
###############################################
link 

  Linking design 'SYS_TOP'
  Using the following designs and libraries:
  --------------------------------------------------------------------------
  * (28 designs)              /home/IC/integrated_system_syn/Backend/Synthesis/SYS_TOP.db, etc
  scmetro_tsmc_cl013g_rvt_ss_1p08v_125c (library) /home/IC/tsmc_fb_cl013g_sc/aci/sc-m/synopsys/scmetro_tsmc_cl013g_rvt_ss_1p08v_125c.db
  scmetro_tsmc_cl013g_rvt_tt_1p2v_25c (library) /home/IC/tsmc_fb_cl013g_sc/aci/sc-m/synopsys/scmetro_tsmc_cl013g_rvt_tt_1p2v_25c.db
  scmetro_tsmc_cl013g_rvt_ff_1p32v_m40c (library) /home/IC/tsmc_fb_cl013g_sc/aci/sc-m/synopsys/scmetro_tsmc_cl013g_rvt_ff_1p32v_m40c.db

1
#################### Liniking All The Design Parts #########################
puts "###############################################"
###############################################
puts "######## checking design consistency ##########"
######## checking design consistency ##########
puts "###############################################"
###############################################
check_design
 
****************************************
check_design summary:
Version:     K-2015.06
Date:        Tue Sep 30 11:28:34 2025
****************************************

                   Name                                            Total
--------------------------------------------------------------------------------
Inputs/Outputs                                                      9
    Shorted outputs (LINT-31)                                       4
    Constant outputs (LINT-52)                                      5

Cells                                                              22
    Cells do not drive (LINT-1)                                    20
    Connected to power or ground (LINT-32)                          2
--------------------------------------------------------------------------------

Warning: In design 'ALU', cell 'C363' does not drive any nets. (LINT-1)
Warning: In design 'ALU', cell 'C364' does not drive any nets. (LINT-1)
Warning: In design 'ALU', cell 'C365' does not drive any nets. (LINT-1)
Warning: In design 'ALU', cell 'C369' does not drive any nets. (LINT-1)
Warning: In design 'ALU', cell 'C394' does not drive any nets. (LINT-1)
Warning: In design 'ALU', cell 'C396' does not drive any nets. (LINT-1)
Warning: In design 'ALU', cell 'C398' does not drive any nets. (LINT-1)
Warning: In design 'ClkDiv', cell 'C134' does not drive any nets. (LINT-1)
Warning: In design 'Serializer', cell 'C116' does not drive any nets. (LINT-1)
Warning: In design 'Edge_bit_counter', cell 'C338' does not drive any nets. (LINT-1)
Warning: In design 'Edge_bit_counter', cell 'C342' does not drive any nets. (LINT-1)
Warning: In design 'Edge_bit_counter', cell 'C346' does not drive any nets. (LINT-1)
Warning: In design 'Edge_bit_counter', cell 'C367' does not drive any nets. (LINT-1)
Warning: In design 'Edge_bit_counter', cell 'C370' does not drive any nets. (LINT-1)
Warning: In design 'Edge_bit_counter', cell 'C373' does not drive any nets. (LINT-1)
Warning: In design 'Deserializer', cell 'B_0' does not drive any nets. (LINT-1)
Warning: In design 'RX_FSM', cell 'B_16' does not drive any nets. (LINT-1)
Warning: In design 'RX_FSM', cell 'B_17' does not drive any nets. (LINT-1)
Warning: In design 'RX_FSM', cell 'B_18' does not drive any nets. (LINT-1)
Warning: In design 'RX_FSM', cell 'B_19' does not drive any nets. (LINT-1)
Warning: In design 'Prescale_Mux', output port 'ratio[7]' is connected directly to output port 'ratio[3]'. (LINT-31)
Warning: In design 'Prescale_Mux', output port 'ratio[7]' is connected directly to output port 'ratio[4]'. (LINT-31)
Warning: In design 'Prescale_Mux', output port 'ratio[7]' is connected directly to output port 'ratio[5]'. (LINT-31)
Warning: In design 'Prescale_Mux', output port 'ratio[7]' is connected directly to output port 'ratio[6]'. (LINT-31)
Warning: In design 'SYS_TOP', a pin on submodule 'RX_ClkDiv' is connected to logic 1 or logic 0. (LINT-32)
   Pin 'i_clk_en' is connected to logic 1. 
Warning: In design 'SYS_TOP', a pin on submodule 'TX_ClkDiv' is connected to logic 1 or logic 0. (LINT-32)
   Pin 'i_clk_en' is connected to logic 1. 
Warning: In design 'Prescale_Mux', output port 'ratio[7]' is connected directly to 'logic 0'. (LINT-52)
Warning: In design 'Prescale_Mux', output port 'ratio[6]' is connected directly to 'logic 0'. (LINT-52)
Warning: In design 'Prescale_Mux', output port 'ratio[5]' is connected directly to 'logic 0'. (LINT-52)
Warning: In design 'Prescale_Mux', output port 'ratio[4]' is connected directly to 'logic 0'. (LINT-52)
Warning: In design 'Prescale_Mux', output port 'ratio[3]' is connected directly to 'logic 0'. (LINT-52)
1
############################### Path groups ################################
puts "###############################################"
###############################################
puts "################ Path groups ##################"
################ Path groups ##################
puts "###############################################"
###############################################
group_path -name INREG -from [all_inputs]
1
group_path -name REGOUT -to [all_outputs]
1
group_path -name INOUT -from [all_inputs] -to [all_outputs]
1
#################### Define Design Constraints #########################
puts "###############################################"
###############################################
puts "############ Design Constraints #### ##########"
############ Design Constraints #### ##########
puts "###############################################"
###############################################
source ./cons.tcl
Warning: Design rule attributes from the driving cell will be
	set on the port. (UID-401)
Using operating conditions 'scmetro_tsmc_cl013g_rvt_ss_1p08v_125c' found in library 'scmetro_tsmc_cl013g_rvt_ss_1p08v_125c'.
Using operating conditions 'scmetro_tsmc_cl013g_rvt_ff_1p32v_m40c' found in library 'scmetro_tsmc_cl013g_rvt_ff_1p32v_m40c'.
###################### Mapping and optimization ########################
puts "###############################################"
###############################################
puts "########## Mapping & Optimization #############"
########## Mapping & Optimization #############
puts "###############################################"
###############################################
compile 
Information: Evaluating DesignWare library utilization. (UISN-27)

============================================================================
| DesignWare Building Block Library  |         Version         | Available |
============================================================================
| Basic DW Building Blocks           | K-2015.06-DWBB_201506.0 |     *     |
| Licensed DW Building Blocks        |                         |           |
============================================================================


Information: There are 31 potential problems in your design. Please run 'check_design' for more information. (LINT-99)


Warning: Operating condition scmetro_tsmc_cl013g_rvt_ss_1p08v_125c set on design SYS_TOP has different process,
voltage and temperatures parameters than the parameters at which target library 
scmetro_tsmc_cl013g_rvt_tt_1p2v_25c is characterized. Delays may be inaccurate as a result. (OPT-998)

  Beginning Pass 1 Mapping
  ------------------------
  Processing 'RX_FSM'
  Processing 'Deserializer'
  Processing 'Data_sampling'
  Processing 'Edge_bit_counter'
  Processing 'Stop_Check'
  Processing 'Strt_Check'
  Processing 'Parity_Check'
  Processing 'UART_RX'
  Processing 'MUX'
  Processing 'Parity_Calc'
  Processing 'Serializer'
  Processing 'TX_FSM'
  Processing 'UART_TX'
  Processing 'Pulse_Gen'
  Processing 'SYNC_ADDR_WIDTH3_0'
  Processing 'Wptr_full_ADDR_WIDTH3'
  Processing 'Rptr_empty_ADDR_WIDTH3'
  Processing 'FIFO_Memory_BUS_WIDTH8_ADDR_WIDTH3_DEPTH8'
  Processing 'ASYC_FIFO'
  Processing 'ClkDiv_0'
  Processing 'Prescale_Mux'
  Processing 'DATA_SYNC'
  Processing 'RST_SYNC_0'
  Processing 'Reg_File'
  Processing 'Clock_Gating'
  Processing 'ALU'
  Processing 'SYS_CTRL'
  Processing 'SYS_TOP'

  Updating timing information
Information: Updating design information... (UID-85)

  Beginning Implementation Selection
  ----------------------------------
  Processing 'RX_FSM_DW01_cmp6_0'
  Processing 'RX_FSM_DW01_dec_0'
  Processing 'Deserializer_DW01_cmp6_0'
  Processing 'Deserializer_DW01_dec_0'
  Processing 'Edge_bit_counter_DW01_inc_0'
  Processing 'ClkDiv_1_DW01_inc_0'
  Processing 'ClkDiv_1_DW01_cmp2_0'
  Processing 'ClkDiv_1_DW01_cmp2_1'
  Processing 'ClkDiv_1_DW01_dec_0'
  Processing 'ClkDiv_0_DW01_inc_0'
  Processing 'ClkDiv_0_DW01_cmp2_0'
  Processing 'ClkDiv_0_DW01_cmp2_1'
  Processing 'ClkDiv_0_DW01_dec_0'
  Processing 'ALU_DW_div_uns_0'
  Processing 'ALU_DW01_sub_0'
  Processing 'ALU_DW01_add_0'
  Processing 'ALU_DW01_cmp6_0'
  Processing 'ALU_DW02_mult_0'
  Processing 'ALU_DW01_add_1'
  Processing 'ClkDiv_1_DW01_sub_0'
  Processing 'ClkDiv_1_DW01_sub_1'
  Processing 'ClkDiv_0_DW01_sub_0'
  Processing 'ClkDiv_0_DW01_sub_1'

  Beginning Mapping Optimizations  (Medium effort)
  -------------------------------
  Mapping Optimization (Phase 1)

                                  TOTAL                                      
   ELAPSED            WORST NEG   SETUP    DESIGN                            
    TIME      AREA      SLACK     COST    RULE COST         ENDPOINT         
  --------- --------- --------- --------- --------- -------------------------
    0:00:06   45747.7      0.00       0.0       0.0                          
    0:00:06   45747.7      0.00       0.0       0.0                          
    0:00:06   45747.7      0.00       0.0       0.0                          
    0:00:06   45747.7      0.00       0.0       0.0                          
    0:00:06   45747.7      0.00       0.0       0.0                          
    0:00:07   22762.1      0.00       0.0       0.0                          
    0:00:08   22717.4      0.00       0.0       0.0                          
    0:00:08   22717.4      0.00       0.0       0.0                          
    0:00:08   22717.4      0.00       0.0       0.0                          
    0:00:08   22698.5      0.00       0.0       0.0                          
    0:00:08   22698.5      0.00       0.0       0.0                          
    0:00:08   22698.5      0.00       0.0       0.0                          
    0:00:08   22698.5      0.00       0.0       0.0                          
    0:00:08   22698.5      0.00       0.0       0.0                          



  Beginning Delay Optimization Phase
  ----------------------------------

                                  TOTAL                                      
   ELAPSED            WORST NEG   SETUP    DESIGN                            
    TIME      AREA      SLACK     COST    RULE COST         ENDPOINT         
  --------- --------- --------- --------- --------- -------------------------
    0:00:08   22698.5      0.00       0.0       0.0                          
    0:00:08   22698.5      0.00       0.0       0.0                          
    0:00:08   22696.2      0.00       0.0       0.0                          


  Beginning Area-Recovery Phase  (cleanup)
  -----------------------------

                                  TOTAL                                      
   ELAPSED            WORST NEG   SETUP    DESIGN                            
    TIME      AREA      SLACK     COST    RULE COST         ENDPOINT         
  --------- --------- --------- --------- --------- -------------------------
    0:00:08   22696.2      0.00       0.0       0.0                          
    0:00:08   22696.2      0.00       0.0       0.0                          
    0:00:09   22613.8      0.00       0.0       0.0                          
    0:00:09   22589.1      0.00       0.0       0.0                          
    0:00:09   22570.3      0.00       0.0       0.0                          
    0:00:09   22556.2      0.00       0.0       0.0                          
    0:00:09   22552.6      0.00       0.0       0.0                          
    0:00:09   22552.6      0.00       0.0       0.0                          
    0:00:09   22552.6      0.00       0.0       0.0                          
    0:00:09   22552.6      0.00       0.0       0.0                          
    0:00:09   22552.6      0.00       0.0       0.0                          
    0:00:09   22552.6      0.00       0.0       0.0                          
    0:00:09   22552.6      0.00       0.0       0.0                          
    0:00:09   22552.6      0.00       0.0       0.0                          
    0:00:09   22570.3      0.00       0.0       0.0                          
Loading db file '/home/IC/tsmc_fb_cl013g_sc/aci/sc-m/synopsys/scmetro_tsmc_cl013g_rvt_ss_1p08v_125c.db'
Loading db file '/home/IC/tsmc_fb_cl013g_sc/aci/sc-m/synopsys/scmetro_tsmc_cl013g_rvt_tt_1p2v_25c.db'
Loading db file '/home/IC/tsmc_fb_cl013g_sc/aci/sc-m/synopsys/scmetro_tsmc_cl013g_rvt_ff_1p32v_m40c.db'


Note: Symbol # after min delay cost means estimated hold TNS across all active scenarios 


  Optimization Complete
  ---------------------
1
set_svf -off
1
#############################################################################
# Write out files
#############################################################################
write_file -format verilog -hierarchy -output netlists/$top_module.ddc
Writing verilog file '/home/IC/integrated_system_syn/Backend/Synthesis/netlists/SYS_TOP.ddc'.
Warning: Verilog 'assign' or 'tran' statements are written out. (VO-4)
Warning: Verilog writer has added 5 nets to module SYS_TOP using SYNOPSYS_UNCONNECTED_ as prefix.  Please use the change_names command to make the correct changes before invoking the verilog writer.  (VO-11)
1
write_file -format verilog -hierarchy -output netlists/$top_module.v
Writing verilog file '/home/IC/integrated_system_syn/Backend/Synthesis/netlists/SYS_TOP.v'.
Warning: Verilog 'assign' or 'tran' statements are written out. (VO-4)
Warning: Verilog writer has added 5 nets to module SYS_TOP using SYNOPSYS_UNCONNECTED_ as prefix.  Please use the change_names command to make the correct changes before invoking the verilog writer.  (VO-11)
1
write_sdf  sdf/$top_module.sdf
Information: Annotated 'cell' delays are assumed to include load delay. (UID-282)
Information: Writing timing information to file '/home/IC/integrated_system_syn/Backend/Synthesis/sdf/SYS_TOP.sdf'. (WT-3)
Information: Updating design information... (UID-85)
1
write_sdc  -nosplit sdc/$top_module.sdc
1
####################### reporting ##########################################
report_area -hierarchy > reports/area.rpt
report_power -hierarchy > reports/power.rpt
report_timing -max_paths 100 -delay_type min > reports/hold.rpt
report_timing -max_paths 100 -delay_type max > reports/setup.rpt
report_clock -attributes > reports/clocks.rpt
report_constraint -all_violators -nosplit > reports/constraints.rpt
################# starting graphical user interface #######################
#gui_start
#exit
dc_shell> exit

Memory usage for main task 288 Mbytes.
Memory usage for this session 288 Mbytes.
CPU usage for this session 15 seconds ( 0.00 hours ).

Thank you...
